C:\blog> chcp 65001

이제 Ruby에서 지원하는 gem 명령어를 통해 Jekyll은 물론 종속된 필요한 라이브러리를 설치하자. 아래 코드와 그림을 참고하면 된다. 참고로, gem이란 루비에서 제공하는 라이브러리를 편리하게 설치할 수 있도록 지원되는 도구이다.
 C:\blog> gem install bundler jekyll minima jekyll-feed tzinfo-data rdiscount

​

잠시 뒤 완료되면
.
 C:\blog> bundle update --bundler

C:\blog> bundle install

C:\blog> bundle exec jekyll serve



bundle install bundle exec jekyll serve


PS C:\githubblog> git remote add Soliloquiess https://github.com/Soliloquiess/soliloquiess.github.io.git
error: remote Soliloquiess already exists.
PS C:\githubblog> git remote add yacho  https://github.com/Soliloquiess/soliloquiess.github.io.git
error: remote yacho already exists.
PS C:\githubblog> git remote add  https://github.com/Soliloquiess/soliloquiess.github.io.git      
usage: git remote add [<options>] <name> <url>

    -f, --fetch           fetch the remote branches
    --tags                import all tags and associated objects when fetching
    -t, --track <branch>  branch(es) to track
    -m, --master <branch>
                          master branch
    --mirror[=(push|fetch)]
                          set up remote as a mirror to push to or fetch from
PS C:\githubblog> git push yacho
fatal: The current branch master has no upstream branch.
To push the current branch and set the remote as upstream, use

    git push --set-upstream yacho master

PS C:\githubblog> git push --set-upstream yacho master
Enumerating objects: 36, done.
Counting objects: 100% (36/36), done.
Delta compression using up to 8 threads
Compressing objects: 100% (25/25), done.
Writing objects: 100% (25/25), 588.21 KiB | 9.97 MiB/s, done.
Total 25 (delta 7), reused 0 (delta 0), pack-reused 0
remote: Resolving deltas: 100% (7/7), completed with 3 local objects.
To https://github.com/Soliloquiess/soliloquiess.github.io.git
   d86ecf2..fff7fc5  master -> master
Branch 'master' set up to track remote branch 'master' from 'yacho'.
PS C:\githubblog>


class = ssafy 수업
study = 개인수업

태그 추가는 _featured_tag에서
카테고리 추가는 _featured_categories에서. 
